0 verbose cli /Users/juanfranciscomanzanogarcia/.nvm/versions/node/v22.22.0/bin/node /Users/juanfranciscomanzanogarcia/.nvm/versions/node/v22.22.0/bin/npm
1 info using npm@10.9.4
2 info using node@v22.22.0
3 silly config load:file:/Users/juanfranciscomanzanogarcia/.nvm/versions/node/v22.22.0/lib/node_modules/npm/npmrc
4 silly config load:file:/Volumes/RespaldoMacbook/UTNG/GROUP-MUSICAL/api-musical-group/.npmrc
5 silly config load:file:/Users/juanfranciscomanzanogarcia/.npmrc
6 silly config load:file:/Users/juanfranciscomanzanogarcia/.nvm/versions/node/v22.22.0/etc/npmrc
7 verbose title npm install jsonwebtoken
8 verbose argv "install" "jsonwebtoken" "--cache" "./.npm-cache" "--no-audit" "--no-fund"
9 verbose logfile logs-max:10 dir:/Volumes/RespaldoMacbook/UTNG/GROUP-MUSICAL/api-musical-group/.npm-cache/_logs/2026-06-26T23_00_09_035Z-
10 verbose logfile /Volumes/RespaldoMacbook/UTNG/GROUP-MUSICAL/api-musical-group/.npm-cache/_logs/2026-06-26T23_00_09_035Z-debug-0.log
11 silly logfile done cleaning log files
12 silly packumentCache heap:2197815296 maxSize:549453824 maxEntrySize:274726912
13 silly idealTree buildDeps
14 silly fetch manifest jsonwebtoken@*
15 silly packumentCache full:https://registry.npmjs.org/jsonwebtoken cache-miss
16 http fetch GET 200 https://registry.npmjs.org/npm 386ms
17 http fetch GET 200 https://registry.npmjs.org/jsonwebtoken 312ms (cache miss)
18 silly packumentCache full:https://registry.npmjs.org/jsonwebtoken set size:undefined disposed:false
19 silly placeDep ROOT jsonwebtoken@9.0.3 OK for: backend@1.0.0 want: *
20 silly fetch manifest jws@^4.0.1
21 silly packumentCache full:https://registry.npmjs.org/jws cache-miss
22 silly fetch manifest lodash.once@^4.0.0
23 silly packumentCache full:https://registry.npmjs.org/lodash.once cache-miss
24 silly fetch manifest lodash.includes@^4.3.0
25 silly packumentCache full:https://registry.npmjs.org/lodash.includes cache-miss
26 silly fetch manifest lodash.isnumber@^3.0.3
27 silly packumentCache full:https://registry.npmjs.org/lodash.isnumber cache-miss
28 silly fetch manifest lodash.isstring@^4.0.1
29 silly packumentCache full:https://registry.npmjs.org/lodash.isstring cache-miss
30 silly fetch manifest lodash.isboolean@^3.0.3
31 silly packumentCache full:https://registry.npmjs.org/lodash.isboolean cache-miss
32 silly fetch manifest lodash.isinteger@^4.0.4
33 silly packumentCache full:https://registry.npmjs.org/lodash.isinteger cache-miss
34 http fetch GET 200 https://registry.npmjs.org/jws 72ms (cache miss)
35 silly packumentCache full:https://registry.npmjs.org/jws set size:undefined disposed:false
36 silly fetch manifest lodash.isplainobject@^4.0.6
37 silly packumentCache full:https://registry.npmjs.org/lodash.isplainobject cache-miss
38 http fetch GET 200 https://registry.npmjs.org/lodash.once 81ms (cache miss)
39 silly packumentCache full:https://registry.npmjs.org/lodash.once set size:undefined disposed:false
40 http fetch GET 200 https://registry.npmjs.org/lodash.isplainobject 61ms (cache miss)
41 silly packumentCache full:https://registry.npmjs.org/lodash.isplainobject set size:undefined disposed:false
42 http fetch GET 200 https://registry.npmjs.org/lodash.isnumber 192ms (cache miss)
43 silly packumentCache full:https://registry.npmjs.org/lodash.isnumber set size:undefined disposed:false
44 http fetch GET 200 https://registry.npmjs.org/lodash.includes 205ms (cache miss)
45 silly packumentCache full:https://registry.npmjs.org/lodash.includes set size:undefined disposed:false
46 http fetch GET 200 https://registry.npmjs.org/lodash.isinteger 222ms (cache miss)
47 silly packumentCache full:https://registry.npmjs.org/lodash.isinteger set size:undefined disposed:false
48 http fetch GET 200 https://registry.npmjs.org/lodash.isboolean 418ms (cache miss)
49 silly packumentCache full:https://registry.npmjs.org/lodash.isboolean set size:undefined disposed:false
50 http fetch GET 200 https://registry.npmjs.org/lodash.isstring 424ms (cache miss)
51 silly packumentCache full:https://registry.npmjs.org/lodash.isstring set size:undefined disposed:false
52 silly placeDep ROOT jws@4.0.1 OK for: jsonwebtoken@9.0.3 want: ^4.0.1
53 silly placeDep ROOT lodash.includes@4.3.0 OK for: jsonwebtoken@9.0.3 want: ^4.3.0
54 silly placeDep ROOT lodash.isboolean@3.0.3 OK for: jsonwebtoken@9.0.3 want: ^3.0.3
55 silly placeDep ROOT lodash.isinteger@4.0.4 OK for: jsonwebtoken@9.0.3 want: ^4.0.4
56 silly placeDep ROOT lodash.isnumber@3.0.3 OK for: jsonwebtoken@9.0.3 want: ^3.0.3
57 silly placeDep ROOT lodash.isplainobject@4.0.6 OK for: jsonwebtoken@9.0.3 want: ^4.0.6
58 silly placeDep ROOT lodash.isstring@4.0.1 OK for: jsonwebtoken@9.0.3 want: ^4.0.1
59 silly placeDep ROOT lodash.once@4.1.1 OK for: jsonwebtoken@9.0.3 want: ^4.0.0
60 silly fetch manifest jwa@^2.0.1
61 silly packumentCache full:https://registry.npmjs.org/jwa cache-miss
62 silly fetch manifest safe-buffer@^5.0.1
63 silly packumentCache full:https://registry.npmjs.org/safe-buffer cache-miss
64 http fetch GET 200 https://registry.npmjs.org/jwa 79ms (cache miss)
65 silly packumentCache full:https://registry.npmjs.org/jwa set size:undefined disposed:false
66 http fetch GET 200 https://registry.npmjs.org/safe-buffer 80ms (cache miss)
67 silly packumentCache full:https://registry.npmjs.org/safe-buffer set size:undefined disposed:false
68 silly placeDep ROOT jwa@2.0.1 OK for: jws@4.0.1 want: ^2.0.1
69 silly placeDep ROOT safe-buffer@5.2.1 OK for: jws@4.0.1 want: ^5.0.1
70 silly fetch manifest ecdsa-sig-formatter@1.0.11
71 silly packumentCache full:https://registry.npmjs.org/ecdsa-sig-formatter cache-miss
72 silly fetch manifest buffer-equal-constant-time@^1.0.1
73 silly packumentCache full:https://registry.npmjs.org/buffer-equal-constant-time cache-miss
74 http fetch GET 200 https://registry.npmjs.org/ecdsa-sig-formatter 98ms (cache miss)
75 silly packumentCache full:https://registry.npmjs.org/ecdsa-sig-formatter set size:undefined disposed:false
76 http fetch GET 200 https://registry.npmjs.org/buffer-equal-constant-time 98ms (cache miss)
77 silly packumentCache full:https://registry.npmjs.org/buffer-equal-constant-time set size:undefined disposed:false
78 silly placeDep ROOT buffer-equal-constant-time@1.0.1 OK for: jwa@2.0.1 want: ^1.0.1
79 silly placeDep ROOT ecdsa-sig-formatter@1.0.11 OK for: jwa@2.0.1 want: 1.0.11
80 warn EBADENGINE Unsupported engine {
80 warn EBADENGINE   package: 'lint-staged@17.0.7',
80 warn EBADENGINE   required: { node: '>=22.22.1' },
80 warn EBADENGINE   current: { node: 'v22.22.0', npm: '10.9.4' }
80 warn EBADENGINE }
81 silly reify moves {}
82 http cache ecdsa-sig-formatter@https://registry.npmjs.org/ecdsa-sig-formatter/-/ecdsa-sig-formatter-1.0.11.tgz 0ms (cache hit)
83 http cache jwa@https://registry.npmjs.org/jwa/-/jwa-2.0.1.tgz 0ms (cache hit)
84 http cache lodash.once@https://registry.npmjs.org/lodash.once/-/lodash.once-4.1.1.tgz 0ms (cache hit)
85 http cache lodash.isstring@https://registry.npmjs.org/lodash.isstring/-/lodash.isstring-4.0.1.tgz 0ms (cache hit)
86 http cache safe-buffer@https://registry.npmjs.org/safe-buffer/-/safe-buffer-5.2.1.tgz 0ms (cache hit)
87 http cache lodash.isplainobject@https://registry.npmjs.org/lodash.isplainobject/-/lodash.isplainobject-4.0.6.tgz 0ms (cache hit)
88 http cache lodash.isnumber@https://registry.npmjs.org/lodash.isnumber/-/lodash.isnumber-3.0.3.tgz 0ms (cache hit)
89 http cache lodash.isinteger@https://registry.npmjs.org/lodash.isinteger/-/lodash.isinteger-4.0.4.tgz 0ms (cache hit)
90 http cache lodash.isboolean@https://registry.npmjs.org/lodash.isboolean/-/lodash.isboolean-3.0.3.tgz 0ms (cache hit)
91 http cache lodash.includes@https://registry.npmjs.org/lodash.includes/-/lodash.includes-4.3.0.tgz 0ms (cache hit)
92 http cache jws@https://registry.npmjs.org/jws/-/jws-4.0.1.tgz 0ms (cache hit)
93 http cache jsonwebtoken@https://registry.npmjs.org/jsonwebtoken/-/jsonwebtoken-9.0.3.tgz 0ms (cache hit)
94 http cache buffer-equal-constant-time@https://registry.npmjs.org/buffer-equal-constant-time/-/buffer-equal-constant-time-1.0.1.tgz 0ms (cache hit)
95 silly tarball no local data for ecdsa-sig-formatter@https://registry.npmjs.org/ecdsa-sig-formatter/-/ecdsa-sig-formatter-1.0.11.tgz. Extracting by manifest.
96 silly tarball no local data for jwa@https://registry.npmjs.org/jwa/-/jwa-2.0.1.tgz. Extracting by manifest.
97 silly tarball no local data for lodash.once@https://registry.npmjs.org/lodash.once/-/lodash.once-4.1.1.tgz. Extracting by manifest.
98 silly tarball no local data for lodash.isstring@https://registry.npmjs.org/lodash.isstring/-/lodash.isstring-4.0.1.tgz. Extracting by manifest.
99 silly tarball no local data for safe-buffer@https://registry.npmjs.org/safe-buffer/-/safe-buffer-5.2.1.tgz. Extracting by manifest.
100 silly tarball no local data for lodash.isplainobject@https://registry.npmjs.org/lodash.isplainobject/-/lodash.isplainobject-4.0.6.tgz. Extracting by manifest.
101 silly tarball no local data for lodash.isnumber@https://registry.npmjs.org/lodash.isnumber/-/lodash.isnumber-3.0.3.tgz. Extracting by manifest.
102 silly tarball no local data for lodash.isinteger@https://registry.npmjs.org/lodash.isinteger/-/lodash.isinteger-4.0.4.tgz. Extracting by manifest.
103 silly tarball no local data for lodash.isboolean@https://registry.npmjs.org/lodash.isboolean/-/lodash.isboolean-3.0.3.tgz. Extracting by manifest.
104 silly tarball no local data for lodash.includes@https://registry.npmjs.org/lodash.includes/-/lodash.includes-4.3.0.tgz. Extracting by manifest.
105 silly tarball no local data for jws@https://registry.npmjs.org/jws/-/jws-4.0.1.tgz. Extracting by manifest.
106 silly tarball no local data for jsonwebtoken@https://registry.npmjs.org/jsonwebtoken/-/jsonwebtoken-9.0.3.tgz. Extracting by manifest.
107 silly tarball no local data for buffer-equal-constant-time@https://registry.npmjs.org/buffer-equal-constant-time/-/buffer-equal-constant-time-1.0.1.tgz. Extracting by manifest.
108 http fetch GET 200 https://registry.npmjs.org/lodash.isstring/-/lodash.isstring-4.0.1.tgz 169ms (cache miss)
109 http fetch GET 200 https://registry.npmjs.org/ecdsa-sig-formatter/-/ecdsa-sig-formatter-1.0.11.tgz 172ms (cache miss)
110 http fetch GET 200 https://registry.npmjs.org/lodash.isnumber/-/lodash.isnumber-3.0.3.tgz 170ms (cache miss)
111 http fetch GET 200 https://registry.npmjs.org/safe-buffer/-/safe-buffer-5.2.1.tgz 170ms (cache miss)
112 http fetch GET 200 https://registry.npmjs.org/lodash.once/-/lodash.once-4.1.1.tgz 173ms (cache miss)
113 http fetch GET 200 https://registry.npmjs.org/lodash.isplainobject/-/lodash.isplainobject-4.0.6.tgz 172ms (cache miss)
114 http fetch GET 200 https://registry.npmjs.org/jwa/-/jwa-2.0.1.tgz 174ms (cache miss)
115 http fetch GET 200 https://registry.npmjs.org/lodash.isinteger/-/lodash.isinteger-4.0.4.tgz 188ms (cache miss)
116 http fetch GET 200 https://registry.npmjs.org/buffer-equal-constant-time/-/buffer-equal-constant-time-1.0.1.tgz 210ms (cache miss)
117 http fetch GET 200 https://registry.npmjs.org/jws/-/jws-4.0.1.tgz 232ms (cache miss)
118 http fetch GET 200 https://registry.npmjs.org/jsonwebtoken/-/jsonwebtoken-9.0.3.tgz 240ms (cache miss)
119 http fetch GET 200 https://registry.npmjs.org/lodash.isboolean/-/lodash.isboolean-3.0.3.tgz 243ms (cache miss)
120 http fetch GET 200 https://registry.npmjs.org/lodash.includes/-/lodash.includes-4.3.0.tgz 244ms (cache miss)
121 silly ADD node_modules/ecdsa-sig-formatter
122 silly ADD node_modules/buffer-equal-constant-time
123 silly ADD node_modules/safe-buffer
124 silly ADD node_modules/jwa
125 silly ADD node_modules/lodash.once
126 silly ADD node_modules/lodash.isstring
127 silly ADD node_modules/lodash.isplainobject
128 silly ADD node_modules/lodash.isnumber
129 silly ADD node_modules/lodash.isinteger
130 silly ADD node_modules/lodash.isboolean
131 silly ADD node_modules/lodash.includes
132 silly ADD node_modules/jws
133 silly ADD node_modules/jsonwebtoken
134 verbose cwd /Volumes/RespaldoMacbook/UTNG/GROUP-MUSICAL/api-musical-group
135 verbose os Darwin 24.6.0
136 verbose node v22.22.0
137 verbose npm  v10.9.4
138 notice
138 notice New major version of npm available! 10.9.4 -> 11.17.0
138 notice Changelog: https://github.com/npm/cli/releases/tag/v11.17.0
138 notice To update run: npm install -g npm@11.17.0
138 notice  { force: true, [Symbol(proc-log.meta)]: true }
139 verbose exit 0
140 info ok
